// Jest Snapshot v1, https://goo.gl/fbAQLP

exports[`<App /> renders correctly 1`] = `
<RNCSafeAreaView
  edges={
    [
      "bottom",
      "left",
      "right",
      "top",
    ]
  }
  style={
    {
      "backgroundColor": "#1481ba",
      "flex": 1,
    }
  }
/>
`;

exports[`App test against snapshot 1`] = `
<RNCSafeAreaView
  edges={
    [
      "bottom",
      "left",
      "right",
      "top",
    ]
  }
  style={
    {
      "backgroundColor": "#1481ba",
      "flex": 1,
    }
  }
/>
`;
